
> ai-tools-hub@0.1.0 build
> next build

Γû▓ Next.js 16.2.1 (Turbopack)

  Creating an optimized production build ...
node.exe : Error: 
Cannot apply unknown 
utility class `selectio
n:text-white`. Are you 
using CSS modules or 
similar and missing 
`@reference`? https://t
ailwindcss.com/docs/fun
ctions-and-directives#r
eference-directive
At line:1 char:1
+ & "C:\Program 
Files\nodejs/node.exe" 
"C:\Program 
Files\nodejs/node_mo 
...
+ ~~~~~~~~~~~~~~~~~~~~~
~~~~~~~~~~~~~~~~~~~~~~~
~~~~~~~~~~~~~~~~~~~~~~~
~~
    + CategoryInfo     
         : NotSpecifi  
  ed: (Error: Cannot   
  a...rence-directi    
ve:String) [], Rem    
oteException
    + FullyQualifiedEr 
   rorId : NativeComm  
  andError
 
    [2m[at 
onInvalidCandidate (D:\
code\Web_tonghop\ai-too
ls-hub\node_modules\tai
lwindcss\dist\lib.js:21
:1314)][0m
    [2m[at Ee (D:\code
\Web_tonghop\ai-tools-h
ub\node_modules\tailwin
dcss\dist\lib.js:16:370
66)][0m
    [2m[at D:\code\Web
_tonghop\ai-tools-hub\n
ode_modules\tailwindcss
\dist\lib.js:21:355][0
m
    [2m[at _r (D:\code
\Web_tonghop\ai-tools-h
ub\node_modules\tailwin
dcss\dist\lib.js:3:1733
)][0m
    [2m[at I (D:\code\
Web_tonghop\ai-tools-hu
b\node_modules\tailwind
css\dist\lib.js:3:1377)
][0m
    [2m[at Te (D:\code
\Web_tonghop\ai-tools-h
ub\node_modules\tailwin
dcss\dist\lib.js:21:172
)][0m
    [2m[at mn (D:\code
\Web_tonghop\ai-tools-h
ub\node_modules\tailwin
dcss\dist\lib.js:38:294
)][0m
    [2m[at process.pro
cessTicksAndRejections 
(node:internal/process/
task_queues:104:5)][0m
    [2m[at async gn (D
:\code\Web_tonghop\ai-t
ools-hub\node_modules\t
ailwindcss\dist\lib.js:
38:631)][0m
    [2m[at async Xr (D
:\code\Web_tonghop\ai-t
ools-hub\node_modules\@
tailwindcss\node\dist\i
ndex.js:10:3416)][0m

> Build error occurred
Error: Turbopack build 
failed with 1 errors:
./src/app/globals.css
Error evaluating 
Node.js code
CssSyntaxError: 
tailwindcss: D:\code\We
b_tonghop\ai-tools-hub\
src\app\globals.css:1:1
: Cannot apply unknown 
utility class `selectio
n:text-white`. Are you 
using CSS modules or 
similar and missing 
`@reference`? https://t
ailwindcss.com/docs/fun
ctions-and-directives#r
eference-directive
    at Input.error (nod
e_modules/postcss/lib/i
nput.js:135:16) [D:\cod
e\Web_tonghop\ai-tools-
hub\.next\build\chunks\
node_modules_13sb.px._.
js:4651:22]
    at error (node_modu
les/postcss/lib/node.js
:146:32) [D:\code\Web_t
onghop\ai-tools-hub\.ne
xt\build\chunks\node_mo
dules_13sb.px._.js:928:
38]
    [at Object.Once (D:
\code\Web_tonghop\ai-to
ols-hub\node_modules\@t
ailwindcss\postcss\dist
\index.js:10:6913)]
    [at process.process
TicksAndRejections (nod
e:internal/process/task
_queues:104:5)]
    at async 
LazyResult.runAsync (no
de_modules/postcss/lib/
lazy-result.js:293:11) 
[D:\code\Web_tonghop\ai
-tools-hub\.next\build\
chunks\node_modules_13s
b.px._.js:6214:21]
    at async transform 
(turbopack:///[turbopac
k-node]/transforms/post
css.ts:70:34) [D:\code\
Web_tonghop\ai-tools-hu
b\.next\build\chunks\[r
oot-of-the-server]__0d-
m0h0._.js:146:36]
    at async run (turbo
pack:///[turbopack-node
]/child_process/evaluat
e.ts:89:23) [D:\code\We
b_tonghop\ai-tools-hub\
.next\build\chunks\[roo
t-of-the-server]__0ubbt
yl._.js:443:31]

Import trace:
  Client Component 
Browser:
    
./src/app/globals.css 
[Client Component 
Browser]
    
./src/app/layout.tsx 
[Server Component]


    at async transform 
(turbopack:///[turbopac
k-node]/transforms/post
css.ts:70:34) [D:\code\
Web_tonghop\ai-tools-hu
b\.next\build\chunks\[r
oot-of-the-server]__0d-
m0h0._.js:146:36])
    at async run (turbo
pack:///[turbopack-node
]/child_process/evaluat
e.ts:89:23) [D:\code\We
b_tonghop\ai-tools-hub\
.next\build\chunks\[roo
t-of-the-server]__0ubbt
yl._.js:443:31])
